

SQL> DROP TABLE IF EXISTS T_UNION_ALL_1;

Succeed.

SQL> DROP TABLE IF EXISTS T_UNION_ALL_2;

Succeed.

SQL> CREATE TABLE T_UNION_ALL_1 (F_INT1 INT, F_INT2 DECIMAL(20,0), F_CHAR CHAR(16), F_DATE DATE);

Succeed.

SQL> CREATE TABLE T_UNION_ALL_2 (F_INT1 INT, F_INT2 DECIMAL(20,0), F_CHAR CHAR(16), F_DATE DATE);

Succeed.

SQL> 
SQL> --EXPECT ERROR
SQL> SELECT * FROM T_UNION_ALL_1 UNION ALL SELECT * FROM T_UNION_ALL_2 ORDER BY F_INT1 ORDER BY F_INT1;

OG-00601, [1:83]Sql syntax error: INVALID ORDER
SQL> SELECT * FROM T_UNION_ALL_1 ORDER BY F_INT1 ORDER BY F_INT1 UNION ALL SELECT * FROM T_UNION_ALL_2;

OG-00601, [1:45]Sql syntax error: INVALID ORDER
SQL> SELECT F_INT1 FROM T_UNION_ALL_1 UNION ALL SELECT * FROM T_UNION_ALL_2;

OG-00601, [1:44]Sql syntax error: query block has incorrect number of result columns
SQL> SELECT * FROM T_UNION_ALL_1 UNION ALL SELECT F_INT1 FROM T_UNION_ALL_2;

OG-00601, [1:39]Sql syntax error: query block has incorrect number of result columns
SQL> SELECT F_INT1 FROM T_UNION_ALL_1 UNION ALL SELECT F_INT1,F_INT2 FROM T_UNION_ALL_2;

OG-00601, [1:44]Sql syntax error: query block has incorrect number of result columns
SQL> SELECT F_INT1,F_INT2 FROM T_UNION_ALL_1 UNION ALL SELECT F_INT1 FROM T_UNION_ALL_2;

OG-00601, [1:51]Sql syntax error: query block has incorrect number of result columns
SQL> 
SQL> --EMPTY RECORD
SQL> (SELECT F_INT1 FROM T_UNION_ALL_1 GROUP BY F_INT1) UNION ALL (SELECT F_INT1 FROM T_UNION_ALL_2 GROUP BY F_INT1) ORDER BY F_INT1 DESC;

F_INT1      
------------

0 rows fetched.

SQL> SELECT * FROM T_UNION_ALL_1 UNION ALL SELECT * FROM T_UNION_ALL_2 ORDER BY F_INT1,F_INT2 DESC;

F_INT1       F_INT2                                   F_CHAR           F_DATE                
------------ ---------------------------------------- ---------------- ----------------------

0 rows fetched.

SQL> (SELECT * FROM T_UNION_ALL_1) UNION ALL (SELECT * FROM T_UNION_ALL_2) ORDER BY F_INT1,F_INT2 DESC;

F_INT1       F_INT2                                   F_CHAR           F_DATE                
------------ ---------------------------------------- ---------------- ----------------------

0 rows fetched.

SQL> (SELECT * FROM T_UNION_ALL_1) UNION ALL (SELECT * FROM T_UNION_ALL_2) ORDER BY F_DATE DESC,F_INT1 DESC;

F_INT1       F_INT2                                   F_CHAR           F_DATE                
------------ ---------------------------------------- ---------------- ----------------------

0 rows fetched.

SQL> (SELECT * FROM T_UNION_ALL_1) UNION ALL (SELECT * FROM T_UNION_ALL_2) UNION ALL (SELECT * FROM T_UNION_ALL_1) ORDER BY F_INT1,F_INT2 DESC;

F_INT1       F_INT2                                   F_CHAR           F_DATE                
------------ ---------------------------------------- ---------------- ----------------------

0 rows fetched.

SQL> (SELECT * FROM T_UNION_ALL_1) UNION ALL (SELECT * FROM T_UNION_ALL_2) UNION ALL (SELECT * FROM T_UNION_ALL_1) ORDER BY F_DATE DESC,F_INT1 DESC;

F_INT1       F_INT2                                   F_CHAR           F_DATE                
------------ ---------------------------------------- ---------------- ----------------------

0 rows fetched.

SQL> (SELECT * FROM T_UNION_ALL_1 WHERE F_INT1 = 1) UNION ALL (SELECT * FROM T_UNION_ALL_2 WHERE F_INT2 = 3) UNION ALL (SELECT * FROM T_UNION_ALL_1) ORDER BY F_INT1,F_INT2 DESC;

F_INT1       F_INT2                                   F_CHAR           F_DATE                
------------ ---------------------------------------- ---------------- ----------------------

0 rows fetched.

SQL> 
SQL> INSERT INTO T_UNION_ALL_1 VALUES(1,2,'A','2017-12-11 14:08:00');

1 rows affected.

SQL> INSERT INTO T_UNION_ALL_1 VALUES(3,4,'C','2017-12-12 16:08:00');

1 rows affected.

SQL> INSERT INTO T_UNION_ALL_1 VALUES(1,3,'A','2017-12-11 14:18:00');

1 rows affected.

SQL> INSERT INTO T_UNION_ALL_1 VALUES(2,3,'B','2017-12-11 16:08:00');

1 rows affected.

SQL> INSERT INTO T_UNION_ALL_2 VALUES(4,2,'A','2017-12-11 14:08:00');

1 rows affected.

SQL> INSERT INTO T_UNION_ALL_2 VALUES(6,4,'C','2017-12-12 16:08:00');

1 rows affected.

SQL> INSERT INTO T_UNION_ALL_2 VALUES(4,3,'A','2017-12-11 14:18:00');

1 rows affected.

SQL> INSERT INTO T_UNION_ALL_2 VALUES(5,3,'B','2017-12-11 16:08:00');

1 rows affected.

SQL> COMMIT;

Succeed.

SQL> 
SQL> (SELECT F_INT1 FROM T_UNION_ALL_1 GROUP BY F_INT1) UNION ALL (SELECT F_INT1 FROM T_UNION_ALL_2 GROUP BY F_INT1) ORDER BY F_INT1 DESC;

F_INT1      
------------
6           
5           
4           
3           
2           
1           

6 rows fetched.

SQL> SELECT * FROM T_UNION_ALL_1 UNION ALL SELECT * FROM T_UNION_ALL_2 ORDER BY F_INT1,F_INT2 DESC;

F_INT1       F_INT2                                   F_CHAR           F_DATE                
------------ ---------------------------------------- ---------------- ----------------------
1            3                                        A                2017-12-11 14:18:00   
1            2                                        A                2017-12-11 14:08:00   
2            3                                        B                2017-12-11 16:08:00   
3            4                                        C                2017-12-12 16:08:00   
4            3                                        A                2017-12-11 14:18:00   
4            2                                        A                2017-12-11 14:08:00   
5            3                                        B                2017-12-11 16:08:00   
6            4                                        C                2017-12-12 16:08:00   

8 rows fetched.

SQL> (SELECT F_INT1,F_INT2 FROM T_UNION_ALL_1) UNION ALL (SELECT F_INT1,F_INT2 FROM T_UNION_ALL_2 GROUP BY F_INT1,F_INT2) ORDER BY F_INT1,F_INT2 DESC;

F_INT1       F_INT2                                  
------------ ----------------------------------------
1            3                                       
1            2                                       
2            3                                       
3            4                                       
4            3                                       
4            2                                       
5            3                                       
6            4                                       

8 rows fetched.

SQL> (SELECT * FROM T_UNION_ALL_1) UNION ALL (SELECT * FROM T_UNION_ALL_2) ORDER BY F_DATE DESC,F_INT1 DESC;

F_INT1       F_INT2                                   F_CHAR           F_DATE                
------------ ---------------------------------------- ---------------- ----------------------
6            4                                        C                2017-12-12 16:08:00   
3            4                                        C                2017-12-12 16:08:00   
5            3                                        B                2017-12-11 16:08:00   
2            3                                        B                2017-12-11 16:08:00   
4            3                                        A                2017-12-11 14:18:00   
1            3                                        A                2017-12-11 14:18:00   
4            2                                        A                2017-12-11 14:08:00   
1            2                                        A                2017-12-11 14:08:00   

8 rows fetched.

SQL> (SELECT * FROM T_UNION_ALL_1) UNION ALL (SELECT * FROM T_UNION_ALL_2) UNION ALL (SELECT * FROM T_UNION_ALL_1) ORDER BY F_INT1,F_INT2 DESC;

F_INT1       F_INT2                                   F_CHAR           F_DATE                
------------ ---------------------------------------- ---------------- ----------------------
1            3                                        A                2017-12-11 14:18:00   
1            3                                        A                2017-12-11 14:18:00   
1            2                                        A                2017-12-11 14:08:00   
1            2                                        A                2017-12-11 14:08:00   
2            3                                        B                2017-12-11 16:08:00   
2            3                                        B                2017-12-11 16:08:00   
3            4                                        C                2017-12-12 16:08:00   
3            4                                        C                2017-12-12 16:08:00   
4            3                                        A                2017-12-11 14:18:00   
4            2                                        A                2017-12-11 14:08:00   
5            3                                        B                2017-12-11 16:08:00   
6            4                                        C                2017-12-12 16:08:00   

12 rows fetched.

SQL> (SELECT * FROM T_UNION_ALL_1) UNION ALL (SELECT * FROM T_UNION_ALL_2) UNION ALL (SELECT * FROM T_UNION_ALL_1) ORDER BY F_DATE DESC,F_INT1 DESC;

F_INT1       F_INT2                                   F_CHAR           F_DATE                
------------ ---------------------------------------- ---------------- ----------------------
6            4                                        C                2017-12-12 16:08:00   
3            4                                        C                2017-12-12 16:08:00   
3            4                                        C                2017-12-12 16:08:00   
5            3                                        B                2017-12-11 16:08:00   
2            3                                        B                2017-12-11 16:08:00   
2            3                                        B                2017-12-11 16:08:00   
4            3                                        A                2017-12-11 14:18:00   
1            3                                        A                2017-12-11 14:18:00   
1            3                                        A                2017-12-11 14:18:00   
4            2                                        A                2017-12-11 14:08:00   
1            2                                        A                2017-12-11 14:08:00   
1            2                                        A                2017-12-11 14:08:00   

12 rows fetched.

SQL> (SELECT * FROM T_UNION_ALL_1 WHERE F_INT1 = 1) UNION ALL (SELECT * FROM T_UNION_ALL_2 WHERE F_INT2 = 3) UNION ALL (SELECT * FROM T_UNION_ALL_1) ORDER BY F_INT1,F_INT2 DESC;

F_INT1       F_INT2                                   F_CHAR           F_DATE                
------------ ---------------------------------------- ---------------- ----------------------
1            3                                        A                2017-12-11 14:18:00   
1            3                                        A                2017-12-11 14:18:00   
1            2                                        A                2017-12-11 14:08:00   
1            2                                        A                2017-12-11 14:08:00   
2            3                                        B                2017-12-11 16:08:00   
3            4                                        C                2017-12-12 16:08:00   
4            3                                        A                2017-12-11 14:18:00   
5            3                                        B                2017-12-11 16:08:00   

8 rows fetched.

SQL> 
SQL> --TEST DATATYPE
SQL> SELECT F_INT1 FROM T_UNION_ALL_1 UNION ALL SELECT F_DATE FROM T_UNION_ALL_1 ORDER BY F_INT1;

OG-00601, [1:44]Sql syntax error: expression must have same datatype as corresponding expression
SQL> SELECT F_CHAR FROM T_UNION_ALL_1 UNION ALL SELECT F_DATE FROM T_UNION_ALL_1 ORDER BY F_CHAR;

F_CHAR                                          
------------------------------------------------
2017-12-11 14:08:00                             
2017-12-11 14:18:00                             
2017-12-11 16:08:00                             
2017-12-12 16:08:00                             
A                                               
A                                               
B                                               
C                                               

8 rows fetched.

SQL> SELECT F_INT1 FROM T_UNION_ALL_1 UNION ALL SELECT F_INT2 FROM T_UNION_ALL_1 ORDER BY F_INT1;

F_INT1                                  
----------------------------------------
1                                       
1                                       
2                                       
2                                       
3                                       
3                                       
3                                       
4                                       

8 rows fetched.

SQL> SELECT F_INT1 FROM T_UNION_ALL_1 UNION ALL SELECT F_CHAR FROM T_UNION_ALL_1 ORDER BY F_INT1;

F_INT1          
----------------
1               
1               
2               
3               
A               
A               
B               
C               

8 rows fetched.

SQL> SELECT F_INT2 FROM T_UNION_ALL_1 UNION ALL SELECT F_CHAR FROM T_UNION_ALL_1 ORDER BY F_INT2;

F_INT2                                                          
----------------------------------------------------------------
2                                                               
3                                                               
3                                                               
4                                                               
A                                                               
A                                                               
B                                                               
C                                                               

8 rows fetched.

SQL> SELECT F_INT1,F_INT2 FROM T_UNION_ALL_1 UNION ALL SELECT F_CHAR,F_INT2 FROM T_UNION_ALL_1 ORDER BY F_INT1,F_INT2;

F_INT1           F_INT2                                  
---------------- ----------------------------------------
1                2                                       
1                3                                       
2                3                                       
3                4                                       
A                2                                       
A                3                                       
B                3                                       
C                4                                       

8 rows fetched.

SQL> SELECT F_INT1,F_INT2 FROM T_UNION_ALL_1 UNION ALL SELECT F_INT1,F_CHAR FROM T_UNION_ALL_1 ORDER BY F_INT1,F_INT2;

F_INT1       F_INT2                                                          
------------ ----------------------------------------------------------------
1            2                                                               
1            3                                                               
1            A                                                               
1            A                                                               
2            3                                                               
2            B                                                               
3            4                                                               
3            C                                                               

8 rows fetched.

SQL> SELECT F_INT1,F_CHAR FROM T_UNION_ALL_1 UNION ALL SELECT F_INT1,F_INT2 FROM T_UNION_ALL_1 ORDER BY F_INT1,F_CHAR;

F_INT1       F_CHAR                                                          
------------ ----------------------------------------------------------------
1            2                                                               
1            3                                                               
1            A                                                               
1            A                                                               
2            3                                                               
2            B                                                               
3            4                                                               
3            C                                                               

8 rows fetched.

SQL> SELECT F_INT1,F_INT2 FROM T_UNION_ALL_1 UNION ALL SELECT F_CHAR,F_INT1 FROM T_UNION_ALL_1 ORDER BY F_INT1,F_INT2;

F_INT1           F_INT2                                  
---------------- ----------------------------------------
1                2                                       
1                3                                       
2                3                                       
3                4                                       
A                1                                       
A                1                                       
B                2                                       
C                3                                       

8 rows fetched.

SQL> SELECT * FROM T_UNION_ALL_1 UNION ALL SELECT F_INT2,F_CHAR,F_INT1,F_DATE FROM T_UNION_ALL_1 ORDER BY F_INT1,F_INT2,F_CHAR;

F_INT1                                   F_INT2                                                           F_CHAR           F_DATE                
---------------------------------------- ---------------------------------------------------------------- ---------------- ----------------------
1                                        2                                                                A                2017-12-11 14:08:00   
1                                        3                                                                A                2017-12-11 14:18:00   
2                                        3                                                                B                2017-12-11 16:08:00   
2                                        A                                                                1                2017-12-11 14:08:00   
3                                        4                                                                C                2017-12-12 16:08:00   
3                                        A                                                                1                2017-12-11 14:18:00   
3                                        B                                                                2                2017-12-11 16:08:00   
4                                        C                                                                3                2017-12-12 16:08:00   

8 rows fetched.

SQL> SELECT F_INT2,F_CHAR,F_INT1,F_DATE FROM T_UNION_ALL_1 UNION ALL SELECT * FROM T_UNION_ALL_1 ORDER BY F_INT1,F_INT2,F_CHAR;

F_INT2                                   F_CHAR                                                           F_INT1           F_DATE                
---------------------------------------- ---------------------------------------------------------------- ---------------- ----------------------
2                                        A                                                                1                2017-12-11 14:08:00   
3                                        A                                                                1                2017-12-11 14:18:00   
3                                        B                                                                2                2017-12-11 16:08:00   
4                                        C                                                                3                2017-12-12 16:08:00   
1                                        2                                                                A                2017-12-11 14:08:00   
1                                        3                                                                A                2017-12-11 14:18:00   
2                                        3                                                                B                2017-12-11 16:08:00   
3                                        4                                                                C                2017-12-12 16:08:00   

8 rows fetched.

SQL> 
SQL> 
SQL> --2018082211009
SQL> DROP TABLE IF EXISTS TEST_UNION_ALL_01;

Succeed.

SQL> DROP TABLE IF EXISTS TEST_UNION_ALL_02;

Succeed.

SQL> CREATE TABLE TEST_UNION_ALL_01(A INT,B INT);

Succeed.

SQL> INSERT INTO TEST_UNION_ALL_01 VALUES(0,1);

1 rows affected.

SQL> INSERT INTO TEST_UNION_ALL_01 VALUES(1,4);

1 rows affected.

SQL> INSERT INTO TEST_UNION_ALL_01 VALUES(2,2);

1 rows affected.

SQL> INSERT INTO TEST_UNION_ALL_01 VALUES(3,1);

1 rows affected.

SQL> INSERT INTO TEST_UNION_ALL_01 VALUES(4,2);

1 rows affected.

SQL> CREATE TABLE TEST_UNION_ALL_02(A INT,B INT);

Succeed.

SQL> INSERT INTO TEST_UNION_ALL_02 VALUES(0,1);

1 rows affected.

SQL> INSERT INTO TEST_UNION_ALL_02 VALUES(1,4);

1 rows affected.

SQL> INSERT INTO TEST_UNION_ALL_02 VALUES(4,2);

1 rows affected.

SQL> INSERT INTO TEST_UNION_ALL_02 VALUES(5,1);

1 rows affected.

SQL> INSERT INTO TEST_UNION_ALL_02 VALUES(6,4);

1 rows affected.

SQL> 
SQL> SELECT * FROM TEST_UNION_ALL_01 WHERE A > 2 LIMIT 1 UNION ALL SELECT * FROM TEST_UNION_ALL_02;  --syntax error

OG-00601, [1:53]Sql syntax error: "LIMIT" clause or "ORDER BY" clause of the subset should be placed inside the parentheses that enclose the SELECT
SQL> SELECT * FROM TEST_UNION_ALL_01 WHERE A > 2 LIMIT 1 UNION ALL SELECT * FROM TEST_UNION_ALL_02 LIMIT 3; --syntax error

OG-00601, [1:53]Sql syntax error: "LIMIT" clause or "ORDER BY" clause of the subset should be placed inside the parentheses that enclose the SELECT
SQL> (SELECT * FROM TEST_UNION_ALL_01 WHERE A > 2 ORDER BY A, B LIMIT 1) UNION ALL SELECT * FROM TEST_UNION_ALL_02 ORDER BY A, B LIMIT 3;   --OK

A            B           
------------ ------------
0            1           
1            4           
3            1           

3 rows fetched.

SQL> (SELECT * FROM TEST_UNION_ALL_01 WHERE A > 2 LIMIT 1) UNION ALL SELECT * FROM TEST_UNION_ALL_02 LIMIT 1 LIMIT 3;  --syntax error

OG-00601, [1:105]Sql syntax error: INVALID LIMIT
SQL> (SELECT * FROM TEST_UNION_ALL_01 WHERE A > 2 ORDER BY A, B LIMIT 1) UNION ALL (SELECT * FROM TEST_UNION_ALL_02 ORDER BY A, B LIMIT 1) ORDER BY A, B LIMIT 3;  --OK

A            B           
------------ ------------
0            1           
3            1           

2 rows fetched.

SQL> SELECT * FROM TEST_UNION_ALL_01 WHERE A > 2 UNION ALL SELECT * FROM TEST_UNION_ALL_02 ORDER BY A, B LIMIT 3;  --OK

A            B           
------------ ------------
0            1           
1            4           
3            1           

3 rows fetched.

SQL> 
SQL> (SELECT * FROM TEST_UNION_ALL_01 WHERE A > 2 ORDER BY A, B LIMIT 1) UNION ALL SELECT * FROM TEST_UNION_ALL_02 ORDER BY A, B;  --OK

A            B           
------------ ------------
0            1           
1            4           
3            1           
4            2           
5            1           
6            4           

6 rows fetched.

SQL> SELECT * FROM TEST_UNION_ALL_01 WHERE A > 2 LIMIT 1 UNION ALL SELECT * FROM TEST_UNION_ALL_02;  --syntax error

OG-00601, [1:53]Sql syntax error: "LIMIT" clause or "ORDER BY" clause of the subset should be placed inside the parentheses that enclose the SELECT
SQL> 
SQL> SELECT * FROM ((SELECT * FROM TEST_UNION_ALL_01 WHERE A > 2 ORDER BY A, B LIMIT 1) UNION ALL SELECT * FROM TEST_UNION_ALL_02 ORDER BY A, B) TEMP ORDER BY A, B;  --OK

A            B           
------------ ------------
0            1           
1            4           
3            1           
4            2           
5            1           
6            4           

6 rows fetched.

SQL> SELECT * FROM (SELECT * FROM TEST_UNION_ALL_01 WHERE A > 2 LIMIT 1 UNION ALL SELECT * FROM TEST_UNION_ALL_02) TEMP;  --syntax error

OG-00601, [1:68]Sql syntax error: "LIMIT" clause or "ORDER BY" clause of the subset should be placed inside the parentheses that enclose the SELECT
SQL> 
SQL> SELECT * FROM TEST_UNION_ALL_01 WHERE A IN (SELECT A FROM TEST_UNION_ALL_01 WHERE A > 2 LIMIT 1 UNION ALL SELECT A FROM TEST_UNION_ALL_02 WHERE A >3);  --syntax error

OG-00601, [1:97]Sql syntax error: "LIMIT" clause or "ORDER BY" clause of the subset should be placed inside the parentheses that enclose the SELECT
SQL> 
SQL> DROP TABLE IF EXISTS TEMPTBL;

Succeed.

SQL> CREATE TABLE TEMPTBL(A INT,B INT);

Succeed.

SQL> INSERT INTO TEMPTBL SELECT * FROM TEST_UNION_ALL_01 WHERE A > 2 LIMIT 1 UNION ALL SELECT * FROM TEST_UNION_ALL_02;  --syntax error

OG-00601, [1:73]Sql syntax error: "LIMIT" clause or "ORDER BY" clause of the subset should be placed inside the parentheses that enclose the SELECT
SQL> 
SQL> DROP TABLE TEMPTBL;

Succeed.

SQL> DROP TABLE TEST_UNION_ALL_02;

Succeed.

SQL> DROP TABLE TEST_UNION_ALL_01;

Succeed.

SQL> 
SQL> --TEST INSERT
SQL> DROP TABLE IF EXISTS T_UNION_ALL_1;

Succeed.

SQL> CREATE TABLE T_UNION_ALL_1 (F_INT1 INT, F_INT2 DECIMAL(20,0), F_CHAR CHAR(16), F_DATE DATE);

Succeed.

SQL> INSERT INTO T_UNION_ALL_1 VALUES(1,2,'A','2017-12-11 14:08:00');

1 rows affected.

SQL> INSERT INTO T_UNION_ALL_1 VALUES(3,4,'C','2017-12-12 16:08:00');

1 rows affected.

SQL> INSERT INTO T_UNION_ALL_1 (SELECT t1.F_INT1,t1.F_INT2,t1.F_CHAR,t1.F_DATE FROM T_UNION_ALL_1 t1) UNION ALL SELECT t1.F_INT1,t1.F_INT2,t1.F_CHAR,t1.F_DATE FROM T_UNION_ALL_1 t1;

4 rows affected.

SQL> SELECT * FROM T_UNION_ALL_1 ORDER BY 1;

F_INT1       F_INT2                                   F_CHAR           F_DATE                
------------ ---------------------------------------- ---------------- ----------------------
1            2                                        A                2017-12-11 14:08:00   
1            2                                        A                2017-12-11 14:08:00   
1            2                                        A                2017-12-11 14:08:00   
3            4                                        C                2017-12-12 16:08:00   
3            4                                        C                2017-12-12 16:08:00   
3            4                                        C                2017-12-12 16:08:00   

6 rows fetched.

SQL> DROP TABLE T_UNION_ALL_1;

Succeed.

SQL> --timestamp/date
SQL> drop table if exists t_time_20200226;

Succeed.

SQL> create table t_time_20200226(
  2 id int not null,c_int int,c_real real,c_float float,c_decimal decimal,c_number number,
  3 c_char char(10),c_vchar varchar(20) not null,c_vchar2 varchar2(100),c_clob clob,
  4 c_long varchar(200),c_blob blob,c_raw raw(100),c_date date,c_timestamp timestamp);

Succeed.

SQL> insert into t_time_20200226 values(1,1000,100.123,100.456,100.789,100.123,'abc123','abcdefg',lpad('123abc',50,'abc'),lpad('123abc',50,'abc'),lpad('11100000',50,'1100'),lpad('11100001',50,'1100'),lpad('11100011',50,'1100'),to_timestamp(to_char('1800-01-01 10:51:47'),'yyyy-mm-dd hh24:mi:ss.ff6'),to_timestamp(to_char('1800-03-05 10:51:47.123456'),'yyyy-mm-dd hh24:mi:ss.ff6'));

1 rows affected.

SQL> commit;

Succeed.

SQL> select * from (select c_date from t_time_20200226 union all select c_timestamp from t_time_20200226) order by 1;

C_DATE                          
--------------------------------
1800-01-01 10:51:47.000000      
1800-03-05 10:51:47.123456      

2 rows fetched.

SQL> select * from (select c_timestamp from t_time_20200226 union all select c_date from t_time_20200226) order by 1;

C_TIMESTAMP                     
--------------------------------
1800-01-01 10:51:47.000000      
1800-03-05 10:51:47.123456      

2 rows fetched.

SQL> drop table t_time_20200226;

Succeed.

SQL> 
SQL> -- union all left:merge join, union right:pivot
SQL> drop table if exists merge_join_union_t1;

Succeed.

SQL> drop table if exists merge_join_union_t2;

Succeed.

SQL> drop table if exists merge_join_union_t3;

Succeed.

SQL> 
SQL> create table merge_join_union_t1(id number(8), c_int number(8), c_str varchar(20));

Succeed.

SQL> create table merge_join_union_t2(id number(8), c_int number(8), c_str varchar(20));

Succeed.

SQL> create table merge_join_union_t3(id number(8), c_int number(8), c_str varchar(20));

Succeed.

SQL> insert into merge_join_union_t1 values(1,2,'test1');

1 rows affected.

SQL> insert into merge_join_union_t1 values(2,4,'test2');

1 rows affected.

SQL> insert into merge_join_union_t1 values(3,6,'test3');

1 rows affected.

SQL> insert into merge_join_union_t1 values(4,7,'test4');

1 rows affected.

SQL> insert into merge_join_union_t2 values(1,2,'test1');

1 rows affected.

SQL> insert into merge_join_union_t2 values(2,4,'test2');

1 rows affected.

SQL> insert into merge_join_union_t2 values(3,6,'test3');

1 rows affected.

SQL> insert into merge_join_union_t2 values(4,7,'test4');

1 rows affected.

SQL> insert into merge_join_union_t3 values(1,2,'test1');

1 rows affected.

SQL> insert into merge_join_union_t3 values(2,4,'test2');

1 rows affected.

SQL> insert into merge_join_union_t3 values(3,6,'test3');

1 rows affected.

SQL> insert into merge_join_union_t3 values(4,7,'test4');

1 rows affected.

SQL> commit;

Succeed.

SQL> 
SQL> (
  2 select ref_0.c_int
  3 from 
  4     merge_join_union_t1 ref_0
  5     inner join merge_join_union_t2 ref_1
  6     on ref_0.id > ref_1.id
  7 order by ref_0.c_int
  8 )
  9 union all
 10 (
 11  (select ref_3.c_int
 12   from 
 13     (merge_join_union_t3 pivot(
 14         min(c_int) as aggr_0
 15         for (c_str)
 16         in (('test1') as pexpr_0,
 17             ('test2') as pexpr_1
 18            )
 19         ) ref_2 
 20     ) left join 
 21     merge_join_union_t2 ref_3
 22     on 1=1
 23  )
 24  intersect
 25  (select 
 26     c_int
 27   from
 28     merge_join_union_t2 ref_4
 29   where id < 1
 30  )
 31 );

C_INT                                   
----------------------------------------
4                                       
6                                       
6                                       
7                                       
7                                       
7                                       

6 rows fetched.

SQL> 
SQL> drop table merge_join_union_t1;

Succeed.

SQL> drop table merge_join_union_t2;

Succeed.

SQL> drop table merge_join_union_t3;

Succeed.

SQL> 
SQL> -- vmc core
SQL> drop table if exists sort_pending_t1;

Succeed.

SQL> drop table if exists sort_pending_t2;

Succeed.

SQL> drop table if exists sort_pending_t3;

Succeed.

SQL> 
SQL> create table sort_pending_t1(c1 int, c2 int);

Succeed.

SQL> create table sort_pending_t2(c1 int, c2 int, c3 int, c4 int, c5 int);

Succeed.

SQL> create table sort_pending_t3(c1 int, c2 int);

Succeed.

SQL> insert into sort_pending_t1 values(1,2);

1 rows affected.

SQL> insert into sort_pending_t2 values(1,1,1,1,1);

1 rows affected.

SQL> insert into sort_pending_t2 values(2,2,2,1,1);

1 rows affected.

SQL> insert into sort_pending_t2 values(3,3,3,2,2);

1 rows affected.

SQL> 
SQL> (select
  2     case when 2 > all(select 3 as c1 from sort_pending_t1 ref_1) then null else null end as c2,
  3     null as c3
  4 from
  5     sort_pending_t1 ref_0
  6 order by 2
  7 )
  8 union all 
  9 (
 10 select 
 11     case when ref_2.c1 is not null then null else null end as c7,
 12     cast(null as varchar(5)) as c8
 13 from
 14   ((sort_pending_t2 ref_2) cross join 
 15   ((select 
 16         ref_3.c1 as c5
 17     from
 18         sort_pending_t3 ref_3
 19     connect by  prior ref_3.c1 = ref_3.c2
 20    ) subq_1))
 21   full join ((sort_pending_t3 ref_4))
 22   on (ref_2.c2 = ref_4.c2)
 23 order by ref_2.c1, ref_2.c2, ref_2.c3, ref_2.c4, subq_1.c5
 24 );

C2 C3   
-- -----
        

1 rows fetched.

SQL> 
SQL> drop table sort_pending_t1;

Succeed.

SQL> drop table sort_pending_t2;

Succeed.

SQL> drop table sort_pending_t3;
Succeed.




